{
  "version": "1.5.0",
  "plugins_used": [
    {
      "name": "ArtifactoryDetector"
    },
    {
      "name": "AWSKeyDetector"
    },
    {
      "name": "AzureStorageKeyDetector"
    },
    {
      "name": "Base64HighEntropyString",
      "limit": 4.5
    },
    {
      "name": "BasicAuthDetector"
    },
    {
      "name": "CloudantDetector"
    },
    {
      "name": "DiscordBotTokenDetector"
    },
    {
      "name": "GitHubTokenDetector"
    },
    {
      "name": "GitLabTokenDetector"
    },
    {
      "name": "HexHighEntropyString",
      "limit": 3.0
    },
    {
      "name": "IbmCloudIamDetector"
    },
    {
      "name": "IbmCosHmacDetector"
    },
    {
      "name": "IPPublicDetector"
    },
    {
      "name": "JwtTokenDetector"
    },
    {
      "name": "KeywordDetector",
      "keyword_exclude": ""
    },
    {
      "name": "MailchimpDetector"
    },
    {
      "name": "NpmDetector"
    },
    {
      "name": "OpenAIDetector"
    },
    {
      "name": "PrivateKeyDetector"
    },
    {
      "name": "PypiTokenDetector"
    },
    {
      "name": "SendGridDetector"
    },
    {
      "name": "SlackDetector"
    },
    {
      "name": "SoftlayerDetector"
    },
    {
      "name": "SquareOAuthDetector"
    },
    {
      "name": "StripeDetector"
    },
    {
      "name": "TelegramBotTokenDetector"
    },
    {
      "name": "TwilioKeyDetector"
    }
  ],
  "filters_used": [
    {
      "path": "detect_secrets.filters.allowlist.is_line_allowlisted"
    },
    {
      "path": "detect_secrets.filters.common.is_ignored_due_to_verification_policies",
      "min_level": 2
    },
    {
      "path": "detect_secrets.filters.heuristic.is_indirect_reference"
    },
    {
      "path": "detect_secrets.filters.heuristic.is_likely_id_string"
    },
    {
      "path": "detect_secrets.filters.heuristic.is_lock_file"
    },
    {
      "path": "detect_secrets.filters.heuristic.is_not_alphanumeric_string"
    },
    {
      "path": "detect_secrets.filters.heuristic.is_potential_uuid"
    },
    {
      "path": "detect_secrets.filters.heuristic.is_prefixed_with_dollar_sign"
    },
    {
      "path": "detect_secrets.filters.heuristic.is_sequential_string"
    },
    {
      "path": "detect_secrets.filters.heuristic.is_swagger_file"
    },
    {
      "path": "detect_secrets.filters.heuristic.is_templated_secret"
    },
    {
      "path": "detect_secrets.filters.regex.should_exclude_file",
      "pattern": [
        "^\\.config/pre-commit/\\.secrets\\.baseline$"
      ]
    }
  ],
  "results": {
    ".env.example": [
      {
        "type": "Basic Auth Credentials",
        "filename": ".env.example",
        "hashed_secret": "5baa61e4c9b93f3f0682250b6cf8331b7ee68fd8",
        "is_verified": false,
        "line_number": 8
      }
    ],
    ".env.private-figma-only": [
      {
        "type": "Basic Auth Credentials",
        "filename": ".env.private-figma-only",
        "hashed_secret": "5baa61e4c9b93f3f0682250b6cf8331b7ee68fd8",
        "is_verified": false,
        "line_number": 11
      }
    ],
    "PRIVATE_REGISTRY_SETUP.md": [
      {
        "type": "Basic Auth Credentials",
        "filename": "PRIVATE_REGISTRY_SETUP.md",
        "hashed_secret": "5baa61e4c9b93f3f0682250b6cf8331b7ee68fd8",
        "is_verified": false,
        "line_number": 17
      },
      {
        "type": "Basic Auth Credentials",
        "filename": "PRIVATE_REGISTRY_SETUP.md",
        "hashed_secret": "209ee81c57c2acf06011a22d6515c5de4654030c",
        "is_verified": false,
        "line_number": 120
      }
    ],
    "SERVER_QUICK_START.md": [
      {
        "type": "Basic Auth Credentials",
        "filename": "SERVER_QUICK_START.md",
        "hashed_secret": "3525a6d890e0e6061b276902c0436fbbeae51757",
        "is_verified": false,
        "line_number": 47
      },
      {
        "type": "Basic Auth Credentials",
        "filename": "SERVER_QUICK_START.md",
        "hashed_secret": "5baa61e4c9b93f3f0682250b6cf8331b7ee68fd8",
        "is_verified": false,
        "line_number": 365
      }
    ],
    "complete.md": [
      {
        "type": "Hex High Entropy String",
        "filename": "complete.md",
        "hashed_secret": "7b65eb792a7767eefbbde5316c8d6a5f2e546ecb",
        "is_verified": false,
        "line_number": 1633
      },
      {
        "type": "Hex High Entropy String",
        "filename": "complete.md",
        "hashed_secret": "da1718d086e252de3996ac63f97a2ce933ab7451",
        "is_verified": false,
        "line_number": 2473
      },
      {
        "type": "Base64 High Entropy String",
        "filename": "complete.md",
        "hashed_secret": "fd1f6bde7e45b0545b9e74ee9ff6760ade366a62",
        "is_verified": false,
        "line_number": 2492
      },
      {
        "type": "Hex High Entropy String",
        "filename": "complete.md",
        "hashed_secret": "062ca7d6a21d32ad152b587663912d4e76e94de7",
        "is_verified": false,
        "line_number": 2506
      },
      {
        "type": "Base64 High Entropy String",
        "filename": "complete.md",
        "hashed_secret": "27954a2b5edfb6b92eb81adf39c5f93caa1ab12f",
        "is_verified": false,
        "line_number": 2525
      },
      {
        "type": "Base64 High Entropy String",
        "filename": "complete.md",
        "hashed_secret": "e13429464acf2647c3e79887111a962143effb9f",
        "is_verified": false,
        "line_number": 2627
      },
      {
        "type": "Base64 High Entropy String",
        "filename": "complete.md",
        "hashed_secret": "a575ad8916231ba9165be5b2bbd52e89ab9566d0",
        "is_verified": false,
        "line_number": 2738
      }
    ],
    "data/seed.json": [
      {
        "type": "Hex High Entropy String",
        "filename": "data/seed.json",
        "hashed_secret": "68137d132a6695655ab7aec9b01a26f30a7aa6ee",
        "is_verified": false,
        "line_number": 57
      },
      {
        "type": "Hex High Entropy String",
        "filename": "data/seed.json",
        "hashed_secret": "9bfbb90279911e7881caba4f61bfca7a083f2454",
        "is_verified": false,
        "line_number": 110
      }
    ],
    "deploy/Pulumi.local.yaml": [
      {
        "type": "Hex High Entropy String",
        "filename": "deploy/Pulumi.local.yaml",
        "hashed_secret": "293608b9d8a01af03d13368d69a9a50d54df1f40",
        "is_verified": false,
        "line_number": 5
      },
      {
        "type": "Secret Keyword",
        "filename": "deploy/Pulumi.local.yaml",
        "hashed_secret": "293608b9d8a01af03d13368d69a9a50d54df1f40",
        "is_verified": false,
        "line_number": 5
      },
      {
        "type": "Hex High Entropy String",
        "filename": "deploy/Pulumi.local.yaml",
        "hashed_secret": "fa735ae541311e59dd74764813d6261aa0b9cf27",
        "is_verified": false,
        "line_number": 6
      },
      {
        "type": "Secret Keyword",
        "filename": "deploy/Pulumi.local.yaml",
        "hashed_secret": "fa735ae541311e59dd74764813d6261aa0b9cf27",
        "is_verified": false,
        "line_number": 6
      }
    ],
    "docker-compose.yml": [
      {
        "type": "Secret Keyword",
        "filename": "docker-compose.yml",
        "hashed_secret": "3525a6d890e0e6061b276902c0436fbbeae51757",
        "is_verified": false,
        "line_number": 43
      }
    ],
    "docs/administration/server-allowlist.md": [
      {
        "type": "Basic Auth Credentials",
        "filename": "docs/administration/server-allowlist.md",
        "hashed_secret": "9d4e1e23bd5b727046a9e3b4b7db57bd8d6ee684",
        "is_verified": false,
        "line_number": 50
      }
    ],
    "docs/modelcontextprotocol-io/package-types.mdx": [
      {
        "type": "Hex High Entropy String",
        "filename": "docs/modelcontextprotocol-io/package-types.mdx",
        "hashed_secret": "7b65eb792a7767eefbbde5316c8d6a5f2e546ecb",
        "is_verified": false,
        "line_number": 187
      }
    ],
    "docs/reference/api/openapi.yaml": [
      {
        "type": "Hex High Entropy String",
        "filename": "docs/reference/api/openapi.yaml",
        "hashed_secret": "90bd1b48e958257948487b90bee080ba5ed00caa",
        "is_verified": false,
        "line_number": 520
      },
      {
        "type": "Hex High Entropy String",
        "filename": "docs/reference/api/openapi.yaml",
        "hashed_secret": "7b65eb792a7767eefbbde5316c8d6a5f2e546ecb",
        "is_verified": false,
        "line_number": 696
      }
    ],
    "docs/reference/server-json/CHANGELOG.md": [
      {
        "type": "Hex High Entropy String",
        "filename": "docs/reference/server-json/CHANGELOG.md",
        "hashed_secret": "7b65eb792a7767eefbbde5316c8d6a5f2e546ecb",
        "is_verified": false,
        "line_number": 96
      }
    ],
    "docs/reference/server-json/draft/server.schema.json": [
      {
        "type": "Hex High Entropy String",
        "filename": "docs/reference/server-json/draft/server.schema.json",
        "hashed_secret": "7b65eb792a7767eefbbde5316c8d6a5f2e546ecb",
        "is_verified": false,
        "line_number": 218
      },
      {
        "type": "Hex High Entropy String",
        "filename": "docs/reference/server-json/draft/server.schema.json",
        "hashed_secret": "90bd1b48e958257948487b90bee080ba5ed00caa",
        "is_verified": false,
        "line_number": 419
      }
    ],
    "docs/reference/server-json/generic-server-json.md": [
      {
        "type": "Hex High Entropy String",
        "filename": "docs/reference/server-json/generic-server-json.md",
        "hashed_secret": "da1718d086e252de3996ac63f97a2ce933ab7451",
        "is_verified": false,
        "line_number": 257
      },
      {
        "type": "Base64 High Entropy String",
        "filename": "docs/reference/server-json/generic-server-json.md",
        "hashed_secret": "fd1f6bde7e45b0545b9e74ee9ff6760ade366a62",
        "is_verified": false,
        "line_number": 297
      },
      {
        "type": "Hex High Entropy String",
        "filename": "docs/reference/server-json/generic-server-json.md",
        "hashed_secret": "062ca7d6a21d32ad152b587663912d4e76e94de7",
        "is_verified": false,
        "line_number": 311
      },
      {
        "type": "Base64 High Entropy String",
        "filename": "docs/reference/server-json/generic-server-json.md",
        "hashed_secret": "27954a2b5edfb6b92eb81adf39c5f93caa1ab12f",
        "is_verified": false,
        "line_number": 332
      },
      {
        "type": "Base64 High Entropy String",
        "filename": "docs/reference/server-json/generic-server-json.md",
        "hashed_secret": "e13429464acf2647c3e79887111a962143effb9f",
        "is_verified": false,
        "line_number": 436
      },
      {
        "type": "Base64 High Entropy String",
        "filename": "docs/reference/server-json/generic-server-json.md",
        "hashed_secret": "a575ad8916231ba9165be5b2bbd52e89ab9566d0",
        "is_verified": false,
        "line_number": 546
      },
      {
        "type": "Hex High Entropy String",
        "filename": "docs/reference/server-json/generic-server-json.md",
        "hashed_secret": "7b65eb792a7767eefbbde5316c8d6a5f2e546ecb",
        "is_verified": false,
        "line_number": 638
      }
    ],
    "enterprise-allowlist.json": [
      {
        "type": "Hex High Entropy String",
        "filename": "enterprise-allowlist.json",
        "hashed_secret": "9bfbb90279911e7881caba4f61bfca7a083f2454",
        "is_verified": false,
        "line_number": 86
      }
    ],
    "internal/api/handlers/v0/auth/common.go": [
      {
        "type": "Hex High Entropy String",
        "filename": "internal/api/handlers/v0/auth/common.go",
        "hashed_secret": "e4f91dd323bac5bfc4f60a6e433787671dc2421d",
        "is_verified": false,
        "line_number": 55
      }
    ],
    "internal/api/handlers/v0/auth/dns_test.go": [
      {
        "type": "Hex High Entropy String",
        "filename": "internal/api/handlers/v0/auth/dns_test.go",
        "hashed_secret": "ce4303f6b22257d9c9cf314ef1dee4707c6e1c13",
        "is_verified": false,
        "line_number": 65
      },
      {
        "type": "Hex High Entropy String",
        "filename": "internal/api/handlers/v0/auth/dns_test.go",
        "hashed_secret": "d5662d7353c6257f68cab2a3b0f758cc79b1ac5e",
        "is_verified": false,
        "line_number": 547
      }
    ],
    "internal/api/handlers/v0/auth/github_oidc_test.go": [
      {
        "type": "Hex High Entropy String",
        "filename": "internal/api/handlers/v0/auth/github_oidc_test.go",
        "hashed_secret": "ce4303f6b22257d9c9cf314ef1dee4707c6e1c13",
        "is_verified": false,
        "line_number": 29
      }
    ],
    "internal/api/handlers/v0/auth/http_test.go": [
      {
        "type": "Hex High Entropy String",
        "filename": "internal/api/handlers/v0/auth/http_test.go",
        "hashed_secret": "ce4303f6b22257d9c9cf314ef1dee4707c6e1c13",
        "is_verified": false,
        "line_number": 92
      }
    ],
    "internal/api/handlers/v0/publish_integration_test.go": [
      {
        "type": "Hex High Entropy String",
        "filename": "internal/api/handlers/v0/publish_integration_test.go",
        "hashed_secret": "7b65eb792a7767eefbbde5316c8d6a5f2e546ecb",
        "is_verified": false,
        "line_number": 236
      }
    ],
    "internal/api/handlers/v0/publish_registry_validation_test.go": [
      {
        "type": "Hex High Entropy String",
        "filename": "internal/api/handlers/v0/publish_registry_validation_test.go",
        "hashed_secret": "7b65eb792a7767eefbbde5316c8d6a5f2e546ecb",
        "is_verified": false,
        "line_number": 98
      }
    ],
    "internal/api/handlers/v0/publish_test.go": [
      {
        "type": "Hex High Entropy String",
        "filename": "internal/api/handlers/v0/publish_test.go",
        "hashed_secret": "7b65eb792a7767eefbbde5316c8d6a5f2e546ecb",
        "is_verified": false,
        "line_number": 219
      }
    ],
    "internal/api/handlers/v0/version_test.go": [
      {
        "type": "Hex High Entropy String",
        "filename": "internal/api/handlers/v0/version_test.go",
        "hashed_secret": "90bd1b48e958257948487b90bee080ba5ed00caa",
        "is_verified": false,
        "line_number": 26
      }
    ],
    "internal/api/openapi_compliance_test.go": [
      {
        "type": "Hex High Entropy String",
        "filename": "internal/api/openapi_compliance_test.go",
        "hashed_secret": "ed9d763ce657e24370c7ef5517286b4a276175c6",
        "is_verified": false,
        "line_number": 43
      }
    ],
    "internal/database/testutil.go": [
      {
        "type": "Basic Auth Credentials",
        "filename": "internal/database/testutil.go",
        "hashed_secret": "3525a6d890e0e6061b276902c0436fbbeae51757",
        "is_verified": false,
        "line_number": 67
      }
    ],
    "internal/validators/registries/mcpb_test.go": [
      {
        "type": "Hex High Entropy String",
        "filename": "internal/validators/registries/mcpb_test.go",
        "hashed_secret": "8466e87584df549630e9684a5db896276801df86",
        "is_verified": false,
        "line_number": 27
      },
      {
        "type": "Hex High Entropy String",
        "filename": "internal/validators/registries/mcpb_test.go",
        "hashed_secret": "7b65eb792a7767eefbbde5316c8d6a5f2e546ecb",
        "is_verified": false,
        "line_number": 51
      },
      {
        "type": "Hex High Entropy String",
        "filename": "internal/validators/registries/mcpb_test.go",
        "hashed_secret": "68137d132a6695655ab7aec9b01a26f30a7aa6ee",
        "is_verified": false,
        "line_number": 138
      }
    ],
    "internal/validators/schemas/2025-07-09.json": [
      {
        "type": "Hex High Entropy String",
        "filename": "internal/validators/schemas/2025-07-09.json",
        "hashed_secret": "7b65eb792a7767eefbbde5316c8d6a5f2e546ecb",
        "is_verified": false,
        "line_number": 124
      }
    ],
    "internal/validators/schemas/2025-09-16.json": [
      {
        "type": "Hex High Entropy String",
        "filename": "internal/validators/schemas/2025-09-16.json",
        "hashed_secret": "7b65eb792a7767eefbbde5316c8d6a5f2e546ecb",
        "is_verified": false,
        "line_number": 124
      }
    ],
    "internal/validators/schemas/2025-09-29.json": [
      {
        "type": "Hex High Entropy String",
        "filename": "internal/validators/schemas/2025-09-29.json",
        "hashed_secret": "7b65eb792a7767eefbbde5316c8d6a5f2e546ecb",
        "is_verified": false,
        "line_number": 134
      }
    ],
    "internal/validators/schemas/2025-10-11.json": [
      {
        "type": "Hex High Entropy String",
        "filename": "internal/validators/schemas/2025-10-11.json",
        "hashed_secret": "7b65eb792a7767eefbbde5316c8d6a5f2e546ecb",
        "is_verified": false,
        "line_number": 204
      },
      {
        "type": "Hex High Entropy String",
        "filename": "internal/validators/schemas/2025-10-11.json",
        "hashed_secret": "90bd1b48e958257948487b90bee080ba5ed00caa",
        "is_verified": false,
        "line_number": 388
      }
    ],
    "internal/validators/schemas/2025-10-17.json": [
      {
        "type": "Hex High Entropy String",
        "filename": "internal/validators/schemas/2025-10-17.json",
        "hashed_secret": "7b65eb792a7767eefbbde5316c8d6a5f2e546ecb",
        "is_verified": false,
        "line_number": 204
      },
      {
        "type": "Hex High Entropy String",
        "filename": "internal/validators/schemas/2025-10-17.json",
        "hashed_secret": "90bd1b48e958257948487b90bee080ba5ed00caa",
        "is_verified": false,
        "line_number": 388
      }
    ],
    "internal/validators/schemas/2025-12-11.json": [
      {
        "type": "Hex High Entropy String",
        "filename": "internal/validators/schemas/2025-12-11.json",
        "hashed_secret": "7b65eb792a7767eefbbde5316c8d6a5f2e546ecb",
        "is_verified": false,
        "line_number": 218
      },
      {
        "type": "Hex High Entropy String",
        "filename": "internal/validators/schemas/2025-12-11.json",
        "hashed_secret": "90bd1b48e958257948487b90bee080ba5ed00caa",
        "is_verified": false,
        "line_number": 419
      }
    ],
    "internal/validators/validators_test.go": [
      {
        "type": "Hex High Entropy String",
        "filename": "internal/validators/validators_test.go",
        "hashed_secret": "7b65eb792a7767eefbbde5316c8d6a5f2e546ecb",
        "is_verified": false,
        "line_number": 1800
      },
      {
        "type": "Hex High Entropy String",
        "filename": "internal/validators/validators_test.go",
        "hashed_secret": "8466e87584df549630e9684a5db896276801df86",
        "is_verified": false,
        "line_number": 1801
      }
    ],
    "pkg/model/types.go": [
      {
        "type": "Hex High Entropy String",
        "filename": "pkg/model/types.go",
        "hashed_secret": "7b65eb792a7767eefbbde5316c8d6a5f2e546ecb",
        "is_verified": false,
        "line_number": 40
      }
    ],
    "scripts/mirror_data/README.md": [
      {
        "type": "Secret Keyword",
        "filename": "scripts/mirror_data/README.md",
        "hashed_secret": "206c80413b9a96c1312cc346b7d2517b84463edd",
        "is_verified": false,
        "line_number": 184
      }
    ]
  },
  "generated_at": "2026-07-15T07:07:27Z"
}
